[audit] inspecting 3,193 files under C:\Users\user\source\repos\PythonApplication2
[audit] 100/3,193 files complete
[audit] 200/3,193 files complete
[audit] 300/3,193 files complete
[audit] 400/3,193 files complete
[audit] 500/3,193 files complete
[audit] 600/3,193 files complete
[audit] 700/3,193 files complete
[audit] 800/3,193 files complete
[audit] 900/3,193 files complete
[audit] 1,000/3,193 files complete
[audit] 1,100/3,193 files complete
[audit] 1,200/3,193 files complete
[audit] 1,300/3,193 files complete
[audit] 1,400/3,193 files complete
[audit] 1,500/3,193 files complete
[audit] 1,600/3,193 files complete
[audit] 1,700/3,193 files complete
[audit] 1,800/3,193 files complete
[audit] 1,900/3,193 files complete
[audit] 2,000/3,193 files complete
[audit] 2,100/3,193 files complete
[audit] 2,200/3,193 files complete
[audit] 2,300/3,193 files complete
[audit] 2,400/3,193 files complete
[audit] 2,500/3,193 files complete
[audit] 2,600/3,193 files complete
[audit] 2,700/3,193 files complete
[audit] 2,800/3,193 files complete
[audit] 2,900/3,193 files complete
[audit] 3,000/3,193 files complete
[audit] 3,100/3,193 files complete
[audit] 3,193/3,193 files complete
[written] C:\Users\user\source\repos\PythonApplication2\PythonApplication2\Project_Reserach.txt (1,468,696 bytes)
[written] C:\Users\user\source\repos\PythonApplication2\PythonApplication2\Report_summary.txt (20,873 bytes)
