[audit] inspecting 2,381 files under C:\Users\user\source\repos\PythonApplication2
[audit] 100/2,381 files complete
[audit] 200/2,381 files complete
[audit] 300/2,381 files complete
[audit] 400/2,381 files complete
[audit] 500/2,381 files complete
[audit] 600/2,381 files complete
[audit] 700/2,381 files complete
[audit] 800/2,381 files complete
[audit] 900/2,381 files complete
[audit] 1,000/2,381 files complete
[audit] 1,100/2,381 files complete
[audit] 1,200/2,381 files complete
[audit] 1,300/2,381 files complete
[audit] 1,400/2,381 files complete
[audit] 1,500/2,381 files complete
[audit] 1,600/2,381 files complete
[audit] 1,700/2,381 files complete
[audit] 1,800/2,381 files complete
[audit] 1,900/2,381 files complete
[audit] 2,000/2,381 files complete
[audit] 2,100/2,381 files complete
[audit] 2,200/2,381 files complete
[audit] 2,300/2,381 files complete
[audit] 2,381/2,381 files complete
[written] C:\Users\user\source\repos\PythonApplication2\PythonApplication2\Project_Reserach.txt (951,640 bytes)
[written] C:\Users\user\source\repos\PythonApplication2\PythonApplication2\Report_summary.txt (11,848 bytes)
