2026-08-23 04:31:55,294 | INFO | PHASE 01 START | freeze original VALID lock and eight folds
2026-08-23 04:32:05,034 | INFO | PHASE 01 PASS | fixed threshold=+0.070960384380
2026-08-23 04:32:05,034 | INFO | PHASE 02.1 START | P1_valid_202505_06
2026-08-23 04:32:07,202 | INFO | PHASE 02.1 PASS | races=232 bets=35
2026-08-23 04:32:07,202 | INFO | PHASE 02.2 START | P2_valid_202507_08
2026-08-23 04:32:09,777 | INFO | PHASE 02.2 PASS | races=292 bets=50
2026-08-23 04:32:09,777 | INFO | PHASE 02.3 START | P3_valid_202509_10
2026-08-23 04:32:12,476 | INFO | PHASE 02.3 PASS | races=256 bets=59
2026-08-23 04:32:12,477 | INFO | PHASE 02.4 START | P4_valid_202511_12
2026-08-23 04:32:15,657 | INFO | PHASE 02.4 PASS | races=304 bets=51
2026-08-23 04:32:15,657 | INFO | PHASE 02.5 START | P5_test_202512_02
2026-08-23 04:32:18,856 | INFO | PHASE 02.5 PASS | races=295 bets=52
2026-08-23 04:32:18,856 | INFO | PHASE 02.6 START | P6_test_202603_04
2026-08-23 04:32:22,244 | INFO | PHASE 02.6 PASS | races=313 bets=55
2026-08-23 04:32:22,244 | INFO | PHASE 02.7 START | P7_test_202605_06
2026-08-23 04:32:25,311 | INFO | PHASE 02.7 PASS | races=310 bets=54
2026-08-23 04:32:25,311 | INFO | PHASE 02.8 START | P8_test_202607_08
2026-08-23 04:32:27,373 | INFO | PHASE 02.8 PASS | races=183 bets=39
2026-08-23 04:32:27,373 | INFO | PHASE 03 START | pool fixed-lock TEST folds and robustness
2026-08-23 04:32:27,671 | INFO | PHASE 03 PASS | test races=1101 bets=200 ROI=+0.0130 paired=+0.3180
